// Jest Snapshot v1, https://goo.gl/fbAQLP

exports[`Login should render the component 1`] = `
Object {
  "asFragment": [Function],
  "baseElement": <body>
    <div>
      <div
        class="bg-white shadow p-12 mt-32 max-w-sm mx-auto rounded"
      >
        <h1
          class="text-3xl font-bold mt-9 text-center"
          data-testid="login-heading"
        >
          Login
        </h1>
        <form>
          <div>
            <label
              class="block text-sm font-medium text-slate-700"
              for="username"
            >
              Username
            </label>
            <div
              class="mt-1"
            >
              <input
                class="mb-4 p-2 appearance-none block w-full bg-gray-200 placeholder-gray-500 rounded border focus:border-teal-500 placeholder-italic"
                data-testid="username"
                id="username"
                name="username"
                placeholder="Type username..."
                type="text"
                value="sarahedo"
              />
            </div>
          </div>
          <div
            class="mt-6"
          >
            <label
              class="block text-sm font-medium text-slate-700"
              for="password"
            >
              Password
            </label>
            <div
              class="mt-1"
            >
              <input
                class="mb-4 p-2 appearance-none block w-full bg-gray-200 placeholder-gray-500 rounded border focus:border-teal-500 placeholder-italic"
                data-testid="password"
                id="password"
                name="password"
                placeholder="Type password..."
                type="password"
                value="password123"
              />
            </div>
          </div>
          <div
            class="mt-6 text-center"
          >
            <button
              class="w-full p-3 mt-4 bg-indigo-600 text-white rounded shadow"
              data-testid="submit"
              type="submit"
            >
              Login
            </button>
          </div>
        </form>
      </div>
    </div>
  </body>,
  "container": <div>
    <div
      class="bg-white shadow p-12 mt-32 max-w-sm mx-auto rounded"
    >
      <h1
        class="text-3xl font-bold mt-9 text-center"
        data-testid="login-heading"
      >
        Login
      </h1>
      <form>
        <div>
          <label
            class="block text-sm font-medium text-slate-700"
            for="username"
          >
            Username
          </label>
          <div
            class="mt-1"
          >
            <input
              class="mb-4 p-2 appearance-none block w-full bg-gray-200 placeholder-gray-500 rounded border focus:border-teal-500 placeholder-italic"
              data-testid="username"
              id="username"
              name="username"
              placeholder="Type username..."
              type="text"
              value="sarahedo"
            />
          </div>
        </div>
        <div
          class="mt-6"
        >
          <label
            class="block text-sm font-medium text-slate-700"
            for="password"
          >
            Password
          </label>
          <div
            class="mt-1"
          >
            <input
              class="mb-4 p-2 appearance-none block w-full bg-gray-200 placeholder-gray-500 rounded border focus:border-teal-500 placeholder-italic"
              data-testid="password"
              id="password"
              name="password"
              placeholder="Type password..."
              type="password"
              value="password123"
            />
          </div>
        </div>
        <div
          class="mt-6 text-center"
        >
          <button
            class="w-full p-3 mt-4 bg-indigo-600 text-white rounded shadow"
            data-testid="submit"
            type="submit"
          >
            Login
          </button>
        </div>
      </form>
    </div>
  </div>,
  "debug": [Function],
  "findAllByAltText": [Function],
  "findAllByDisplayValue": [Function],
  "findAllByLabelText": [Function],
  "findAllByPlaceholderText": [Function],
  "findAllByRole": [Function],
  "findAllByTestId": [Function],
  "findAllByText": [Function],
  "findAllByTitle": [Function],
  "findByAltText": [Function],
  "findByDisplayValue": [Function],
  "findByLabelText": [Function],
  "findByPlaceholderText": [Function],
  "findByRole": [Function],
  "findByTestId": [Function],
  "findByText": [Function],
  "findByTitle": [Function],
  "getAllByAltText": [Function],
  "getAllByDisplayValue": [Function],
  "getAllByLabelText": [Function],
  "getAllByPlaceholderText": [Function],
  "getAllByRole": [Function],
  "getAllByTestId": [Function],
  "getAllByText": [Function],
  "getAllByTitle": [Function],
  "getByAltText": [Function],
  "getByDisplayValue": [Function],
  "getByLabelText": [Function],
  "getByPlaceholderText": [Function],
  "getByRole": [Function],
  "getByTestId": [Function],
  "getByText": [Function],
  "getByTitle": [Function],
  "queryAllByAltText": [Function],
  "queryAllByDisplayValue": [Function],
  "queryAllByLabelText": [Function],
  "queryAllByPlaceholderText": [Function],
  "queryAllByRole": [Function],
  "queryAllByTestId": [Function],
  "queryAllByText": [Function],
  "queryAllByTitle": [Function],
  "queryByAltText": [Function],
  "queryByDisplayValue": [Function],
  "queryByLabelText": [Function],
  "queryByPlaceholderText": [Function],
  "queryByRole": [Function],
  "queryByTestId": [Function],
  "queryByText": [Function],
  "queryByTitle": [Function],
  "rerender": [Function],
  "unmount": [Function],
}
`;
